// Jest Snapshot v1, https://goo.gl/fbAQLP

exports[`enzyme.mount FormInput : method:  blur() 1`] = `
<View>
  <div
    className="rn-alignItems-1oszu61 rn-borderTopStyle-1efd50x rn-borderRightStyle-14skgim rn-borderBottomStyle-rull8r rn-borderLeftStyle-mm0ijv rn-borderTopWidth-13yce4e rn-borderRightWidth-fnigne rn-borderBottomWidth-ndvcnb rn-borderLeftWidth-gxnn5r rn-boxSizing-deolkf rn-display-6koalj rn-flexShrink-1pxmb3b rn-flexBasis-7vfszb rn-flexDirection-eqz5dr rn-marginTop-1mnahxq rn-marginRight-61z16t rn-marginBottom-p1pxzi rn-marginLeft-11wrixw rn-minHeight-ifefl9 rn-minWidth-bcqeeo rn-paddingTop-wk8lta rn-paddingRight-9aemit rn-paddingBottom-1mdbw0j rn-paddingLeft-gy4na3 rn-position-bnwqim"
  >
    <TouchableHighlight
      activeOpacity={0.85}
      onPress={[Function]}
      style={
        Object {
          "backgroundColor": "#aaa",
          "marginBottom": 15,
          "padding": 10,
        }
      }
      underlayColor="black"
    >
      <View
        accessible={true}
        onKeyDown={[Function]}
        onKeyUp={[Function]}
        onResponderGrant={[Function]}
        onResponderMove={[Function]}
        onResponderRelease={[Function]}
        onResponderTerminate={[Function]}
        onResponderTerminationRequest={[Function]}
        onStartShouldSetResponder={[Function]}
        style={
          Array [
            62,
            63,
            Array [
              61,
              Object {
                "backgroundColor": "#aaa",
                "marginBottom": 15,
                "padding": 10,
              },
            ],
          ]
        }
      >
        <div
          className="rn-alignItems-1oszu61 rn-borderTopStyle-1efd50x rn-borderRightStyle-14skgim rn-borderBottomStyle-rull8r rn-borderLeftStyle-mm0ijv rn-borderTopWidth-13yce4e rn-borderRightWidth-fnigne rn-borderBottomWidth-ndvcnb rn-borderLeftWidth-gxnn5r rn-boxSizing-deolkf rn-cursor-1loqt21 rn-display-6koalj rn-flexShrink-1pxmb3b rn-flexBasis-7vfszb rn-flexDirection-eqz5dr rn-marginTop-1mnahxq rn-marginRight-61z16t rn-marginLeft-11wrixw rn-marginBottom-ku1wi2 rn-minHeight-ifefl9 rn-minWidth-bcqeeo rn-paddingTop-m611by rn-paddingRight-1qfoi16 rn-paddingBottom-1mi0q7o rn-paddingLeft-1hfyk0a rn-position-bnwqim rn-touchAction-1gvxusu rn-userSelect-lrvibr"
          onKeyDown={[Function]}
          onKeyUp={[Function]}
          onResponderGrant={[Function]}
          onResponderMove={[Function]}
          onResponderRelease={[Function]}
          onResponderTerminate={[Function]}
          onResponderTerminationRequest={[Function]}
          onStartShouldSetResponder={[Function]}
          style={
            Object {
              "backgroundColor": "rgba(170,170,170,1)",
            }
          }
          tabIndex="0"
        >
          <Text>
            <div
              className="rn-borderTopWidth-13yce4e rn-borderRightWidth-fnigne rn-borderBottomWidth-ndvcnb rn-borderLeftWidth-gxnn5r rn-boxSizing-deolkf rn-color-homxoj rn-display-1471scf rn-font-1lw9tu2 rn-fontFamily-10u92zi rn-fontSize-1b43r93 rn-marginTop-1mnahxq rn-marginRight-61z16t rn-marginBottom-p1pxzi rn-marginLeft-11wrixw rn-paddingTop-wk8lta rn-paddingRight-9aemit rn-paddingBottom-1mdbw0j rn-paddingLeft-gy4na3 rn-textDecoration-bauka4 rn-whiteSpace-q42fyq rn-wordWrap-qvutc0"
              dir="auto"
            >
              Start 3 sec countdown for: blur()
            </div>
          </Text>
        </div>
      </View>
    </TouchableHighlight>
    <FormInput
      normalizeFontSize={true}
    >
      <AnimatedComponent
        style={
          Array [
            140,
            undefined,
            Object {
              "transform": Array [
                Object {
                  "translateX": AnimatedInterpolation {
                    "_children": Array [
                      AnimatedTransform {
                        "_children": Array [
                          AnimatedStyle {
                            "_children": Array [
                              AnimatedProps {
                                "_callback": [Function],
                                "_props": Object {
                                  "children": <TextInput
                                    autoCapitalize="sentences"
                                    autoComplete="on"
                                    autoCorrect={true}
                                    editable={true}
                                    keyboardType="default"
                                    multiline={false}
                                    numberOfLines={2}
                                    secureTextEntry={false}
                                    style={
                                                              Array [
                                                                                        141,
                                                                                        Object {
                                                                                          "fontSize": 14,
                                                                                        },
                                                                                        undefined,
                                                                                      ]
                                    }
          />,
                                  "style": [Circular],
                                },
                              },
                            ],
                            "_style": Object {
                              "marginLeft": 15,
                              "marginRight": 15,
                              "transform": [Circular],
                            },
                          },
                        ],
                        "_transforms": [Circular],
                      },
                    ],
                    "_interpolation": [Function],
                    "_listeners": Object {},
                    "_parent": AnimatedValue {
                      "_animation": null,
                      "_children": Array [
                        [Circular],
                      ],
                      "_listeners": Object {},
                      "_offset": 0,
                      "_value": 0,
                    },
                  },
                },
              ],
            },
          ]
        }
      >
        <View
          style={
            Object {
              "marginLeft": 15,
              "marginRight": 15,
              "transform": Array [
                Object {
                  "translateX": 0,
                },
              ],
            }
          }
        >
          <div
            className="rn-alignItems-1oszu61 rn-borderTopStyle-1efd50x rn-borderRightStyle-14skgim rn-borderBottomStyle-rull8r rn-borderLeftStyle-mm0ijv rn-borderTopWidth-13yce4e rn-borderRightWidth-fnigne rn-borderBottomWidth-ndvcnb rn-borderLeftWidth-gxnn5r rn-boxSizing-deolkf rn-display-6koalj rn-flexShrink-1pxmb3b rn-flexBasis-7vfszb rn-flexDirection-eqz5dr rn-marginTop-1mnahxq rn-marginBottom-p1pxzi rn-marginLeft-1ozfoo7 rn-marginRight-y3t9qe rn-minHeight-ifefl9 rn-minWidth-bcqeeo rn-paddingTop-wk8lta rn-paddingRight-9aemit rn-paddingBottom-1mdbw0j rn-paddingLeft-gy4na3 rn-position-bnwqim"
            style={
              Object {
                "WebkitTransform": "translateX(0px)",
                "transform": "translateX(0px)",
              }
            }
          >
            <TextInput
              autoCapitalize="sentences"
              autoComplete="on"
              autoCorrect={true}
              editable={true}
              keyboardType="default"
              multiline={false}
              numberOfLines={2}
              secureTextEntry={false}
              style={
                Array [
                  141,
                  Object {
                    "fontSize": 14,
                  },
                  undefined,
                ]
              }
            >
              <input
                autoCapitalize="sentences"
                autoComplete="on"
                autoCorrect="on"
                className="rn-appearance-30o5oe rn-backgroundColor-wib322 rn-borderTopColor-kqr9px rn-borderRightColor-q0dj5p rn-borderBottomColor-1ah7hsa rn-borderLeftColor-137uh4u rn-borderTopLeftRadius-ou6ah9 rn-borderTopRightRadius-t12b5v rn-borderBottomRightRadius-zmljjp rn-borderBottomLeftRadius-pm2fo rn-borderTopWidth-13yce4e rn-borderRightWidth-fnigne rn-borderBottomWidth-ndvcnb rn-borderLeftWidth-gxnn5r rn-boxSizing-deolkf rn-color-zzr6i3 rn-font-1lw9tu2 rn-fontSize-1b43r93 rn-paddingTop-wk8lta rn-paddingRight-9aemit rn-paddingBottom-1mdbw0j rn-paddingLeft-gy4na3 rn-resize-1dz5y72"
                dir="auto"
                onBlur={[Function]}
                onChange={[Function]}
                onFocus={[Function]}
                onKeyDown={[Function]}
                onKeyPress={[Function]}
                onSelect={[Function]}
                readOnly={false}
                type="text"
              />
            </TextInput>
          </div>
        </View>
      </AnimatedComponent>
    </FormInput>
  </div>
</View>
`;

exports[`enzyme.mount FormInput : method:  clearText() 1`] = `
<View>
  <div
    className="rn-alignItems-1oszu61 rn-borderTopStyle-1efd50x rn-borderRightStyle-14skgim rn-borderBottomStyle-rull8r rn-borderLeftStyle-mm0ijv rn-borderTopWidth-13yce4e rn-borderRightWidth-fnigne rn-borderBottomWidth-ndvcnb rn-borderLeftWidth-gxnn5r rn-boxSizing-deolkf rn-display-6koalj rn-flexShrink-1pxmb3b rn-flexBasis-7vfszb rn-flexDirection-eqz5dr rn-marginTop-1mnahxq rn-marginRight-61z16t rn-marginBottom-p1pxzi rn-marginLeft-11wrixw rn-minHeight-ifefl9 rn-minWidth-bcqeeo rn-paddingTop-wk8lta rn-paddingRight-9aemit rn-paddingBottom-1mdbw0j rn-paddingLeft-gy4na3 rn-position-bnwqim"
  >
    <TouchableHighlight
      activeOpacity={0.85}
      onPress={[Function]}
      style={
        Object {
          "backgroundColor": "#aaa",
          "marginBottom": 15,
          "padding": 10,
        }
      }
      underlayColor="black"
    >
      <View
        accessible={true}
        onKeyDown={[Function]}
        onKeyUp={[Function]}
        onResponderGrant={[Function]}
        onResponderMove={[Function]}
        onResponderRelease={[Function]}
        onResponderTerminate={[Function]}
        onResponderTerminationRequest={[Function]}
        onStartShouldSetResponder={[Function]}
        style={
          Array [
            62,
            63,
            Array [
              61,
              Object {
                "backgroundColor": "#aaa",
                "marginBottom": 15,
                "padding": 10,
              },
            ],
          ]
        }
      >
        <div
          className="rn-alignItems-1oszu61 rn-borderTopStyle-1efd50x rn-borderRightStyle-14skgim rn-borderBottomStyle-rull8r rn-borderLeftStyle-mm0ijv rn-borderTopWidth-13yce4e rn-borderRightWidth-fnigne rn-borderBottomWidth-ndvcnb rn-borderLeftWidth-gxnn5r rn-boxSizing-deolkf rn-cursor-1loqt21 rn-display-6koalj rn-flexShrink-1pxmb3b rn-flexBasis-7vfszb rn-flexDirection-eqz5dr rn-marginTop-1mnahxq rn-marginRight-61z16t rn-marginLeft-11wrixw rn-marginBottom-ku1wi2 rn-minHeight-ifefl9 rn-minWidth-bcqeeo rn-paddingTop-m611by rn-paddingRight-1qfoi16 rn-paddingBottom-1mi0q7o rn-paddingLeft-1hfyk0a rn-position-bnwqim rn-touchAction-1gvxusu rn-userSelect-lrvibr"
          onKeyDown={[Function]}
          onKeyUp={[Function]}
          onResponderGrant={[Function]}
          onResponderMove={[Function]}
          onResponderRelease={[Function]}
          onResponderTerminate={[Function]}
          onResponderTerminationRequest={[Function]}
          onStartShouldSetResponder={[Function]}
          style={
            Object {
              "backgroundColor": "rgba(170,170,170,1)",
            }
          }
          tabIndex="0"
        >
          <Text>
            <div
              className="rn-borderTopWidth-13yce4e rn-borderRightWidth-fnigne rn-borderBottomWidth-ndvcnb rn-borderLeftWidth-gxnn5r rn-boxSizing-deolkf rn-color-homxoj rn-display-1471scf rn-font-1lw9tu2 rn-fontFamily-10u92zi rn-fontSize-1b43r93 rn-marginTop-1mnahxq rn-marginRight-61z16t rn-marginBottom-p1pxzi rn-marginLeft-11wrixw rn-paddingTop-wk8lta rn-paddingRight-9aemit rn-paddingBottom-1mdbw0j rn-paddingLeft-gy4na3 rn-textDecoration-bauka4 rn-whiteSpace-q42fyq rn-wordWrap-qvutc0"
              dir="auto"
            >
              Execute: clearText()
            </div>
          </Text>
        </div>
      </View>
    </TouchableHighlight>
    <FormInput
      normalizeFontSize={true}
    >
      <AnimatedComponent
        style={
          Array [
            140,
            undefined,
            Object {
              "transform": Array [
                Object {
                  "translateX": AnimatedInterpolation {
                    "_children": Array [
                      AnimatedTransform {
                        "_children": Array [
                          AnimatedStyle {
                            "_children": Array [
                              AnimatedProps {
                                "_callback": [Function],
                                "_props": Object {
                                  "children": <TextInput
                                    autoCapitalize="sentences"
                                    autoComplete="on"
                                    autoCorrect={true}
                                    editable={true}
                                    keyboardType="default"
                                    multiline={false}
                                    numberOfLines={2}
                                    secureTextEntry={false}
                                    style={
                                                              Array [
                                                                                        141,
                                                                                        Object {
                                                                                          "fontSize": 14,
                                                                                        },
                                                                                        undefined,
                                                                                      ]
                                    }
          />,
                                  "style": [Circular],
                                },
                              },
                            ],
                            "_style": Object {
                              "marginLeft": 15,
                              "marginRight": 15,
                              "transform": [Circular],
                            },
                          },
                        ],
                        "_transforms": [Circular],
                      },
                    ],
                    "_interpolation": [Function],
                    "_listeners": Object {},
                    "_parent": AnimatedValue {
                      "_animation": null,
                      "_children": Array [
                        [Circular],
                      ],
                      "_listeners": Object {},
                      "_offset": 0,
                      "_value": 0,
                    },
                  },
                },
              ],
            },
          ]
        }
      >
        <View
          style={
            Object {
              "marginLeft": 15,
              "marginRight": 15,
              "transform": Array [
                Object {
                  "translateX": 0,
                },
              ],
            }
          }
        >
          <div
            className="rn-alignItems-1oszu61 rn-borderTopStyle-1efd50x rn-borderRightStyle-14skgim rn-borderBottomStyle-rull8r rn-borderLeftStyle-mm0ijv rn-borderTopWidth-13yce4e rn-borderRightWidth-fnigne rn-borderBottomWidth-ndvcnb rn-borderLeftWidth-gxnn5r rn-boxSizing-deolkf rn-display-6koalj rn-flexShrink-1pxmb3b rn-flexBasis-7vfszb rn-flexDirection-eqz5dr rn-marginTop-1mnahxq rn-marginBottom-p1pxzi rn-marginLeft-1ozfoo7 rn-marginRight-y3t9qe rn-minHeight-ifefl9 rn-minWidth-bcqeeo rn-paddingTop-wk8lta rn-paddingRight-9aemit rn-paddingBottom-1mdbw0j rn-paddingLeft-gy4na3 rn-position-bnwqim"
            style={
              Object {
                "WebkitTransform": "translateX(0px)",
                "transform": "translateX(0px)",
              }
            }
          >
            <TextInput
              autoCapitalize="sentences"
              autoComplete="on"
              autoCorrect={true}
              editable={true}
              keyboardType="default"
              multiline={false}
              numberOfLines={2}
              secureTextEntry={false}
              style={
                Array [
                  141,
                  Object {
                    "fontSize": 14,
                  },
                  undefined,
                ]
              }
            >
              <input
                autoCapitalize="sentences"
                autoComplete="on"
                autoCorrect="on"
                className="rn-appearance-30o5oe rn-backgroundColor-wib322 rn-borderTopColor-kqr9px rn-borderRightColor-q0dj5p rn-borderBottomColor-1ah7hsa rn-borderLeftColor-137uh4u rn-borderTopLeftRadius-ou6ah9 rn-borderTopRightRadius-t12b5v rn-borderBottomRightRadius-zmljjp rn-borderBottomLeftRadius-pm2fo rn-borderTopWidth-13yce4e rn-borderRightWidth-fnigne rn-borderBottomWidth-ndvcnb rn-borderLeftWidth-gxnn5r rn-boxSizing-deolkf rn-color-zzr6i3 rn-font-1lw9tu2 rn-fontSize-1b43r93 rn-paddingTop-wk8lta rn-paddingRight-9aemit rn-paddingBottom-1mdbw0j rn-paddingLeft-gy4na3 rn-resize-1dz5y72"
                dir="auto"
                onBlur={[Function]}
                onChange={[Function]}
                onFocus={[Function]}
                onKeyDown={[Function]}
                onKeyPress={[Function]}
                onSelect={[Function]}
                readOnly={false}
                type="text"
              />
            </TextInput>
          </div>
        </View>
      </AnimatedComponent>
    </FormInput>
  </div>
</View>
`;

exports[`enzyme.mount FormInput : method:  focus() 1`] = `
<View>
  <div
    className="rn-alignItems-1oszu61 rn-borderTopStyle-1efd50x rn-borderRightStyle-14skgim rn-borderBottomStyle-rull8r rn-borderLeftStyle-mm0ijv rn-borderTopWidth-13yce4e rn-borderRightWidth-fnigne rn-borderBottomWidth-ndvcnb rn-borderLeftWidth-gxnn5r rn-boxSizing-deolkf rn-display-6koalj rn-flexShrink-1pxmb3b rn-flexBasis-7vfszb rn-flexDirection-eqz5dr rn-marginTop-1mnahxq rn-marginRight-61z16t rn-marginBottom-p1pxzi rn-marginLeft-11wrixw rn-minHeight-ifefl9 rn-minWidth-bcqeeo rn-paddingTop-wk8lta rn-paddingRight-9aemit rn-paddingBottom-1mdbw0j rn-paddingLeft-gy4na3 rn-position-bnwqim"
  >
    <TouchableHighlight
      activeOpacity={0.85}
      onPress={[Function]}
      style={
        Object {
          "backgroundColor": "#aaa",
          "marginBottom": 15,
          "padding": 10,
        }
      }
      underlayColor="black"
    >
      <View
        accessible={true}
        onKeyDown={[Function]}
        onKeyUp={[Function]}
        onResponderGrant={[Function]}
        onResponderMove={[Function]}
        onResponderRelease={[Function]}
        onResponderTerminate={[Function]}
        onResponderTerminationRequest={[Function]}
        onStartShouldSetResponder={[Function]}
        style={
          Array [
            62,
            63,
            Array [
              61,
              Object {
                "backgroundColor": "#aaa",
                "marginBottom": 15,
                "padding": 10,
              },
            ],
          ]
        }
      >
        <div
          className="rn-alignItems-1oszu61 rn-borderTopStyle-1efd50x rn-borderRightStyle-14skgim rn-borderBottomStyle-rull8r rn-borderLeftStyle-mm0ijv rn-borderTopWidth-13yce4e rn-borderRightWidth-fnigne rn-borderBottomWidth-ndvcnb rn-borderLeftWidth-gxnn5r rn-boxSizing-deolkf rn-cursor-1loqt21 rn-display-6koalj rn-flexShrink-1pxmb3b rn-flexBasis-7vfszb rn-flexDirection-eqz5dr rn-marginTop-1mnahxq rn-marginRight-61z16t rn-marginLeft-11wrixw rn-marginBottom-ku1wi2 rn-minHeight-ifefl9 rn-minWidth-bcqeeo rn-paddingTop-m611by rn-paddingRight-1qfoi16 rn-paddingBottom-1mi0q7o rn-paddingLeft-1hfyk0a rn-position-bnwqim rn-touchAction-1gvxusu rn-userSelect-lrvibr"
          onKeyDown={[Function]}
          onKeyUp={[Function]}
          onResponderGrant={[Function]}
          onResponderMove={[Function]}
          onResponderRelease={[Function]}
          onResponderTerminate={[Function]}
          onResponderTerminationRequest={[Function]}
          onStartShouldSetResponder={[Function]}
          style={
            Object {
              "backgroundColor": "rgba(170,170,170,1)",
            }
          }
          tabIndex="0"
        >
          <Text>
            <div
              className="rn-borderTopWidth-13yce4e rn-borderRightWidth-fnigne rn-borderBottomWidth-ndvcnb rn-borderLeftWidth-gxnn5r rn-boxSizing-deolkf rn-color-homxoj rn-display-1471scf rn-font-1lw9tu2 rn-fontFamily-10u92zi rn-fontSize-1b43r93 rn-marginTop-1mnahxq rn-marginRight-61z16t rn-marginBottom-p1pxzi rn-marginLeft-11wrixw rn-paddingTop-wk8lta rn-paddingRight-9aemit rn-paddingBottom-1mdbw0j rn-paddingLeft-gy4na3 rn-textDecoration-bauka4 rn-whiteSpace-q42fyq rn-wordWrap-qvutc0"
              dir="auto"
            >
              Start 1 sec countdown for: focus()
            </div>
          </Text>
        </div>
      </View>
    </TouchableHighlight>
    <FormInput
      normalizeFontSize={true}
    >
      <AnimatedComponent
        style={
          Array [
            140,
            undefined,
            Object {
              "transform": Array [
                Object {
                  "translateX": AnimatedInterpolation {
                    "_children": Array [
                      AnimatedTransform {
                        "_children": Array [
                          AnimatedStyle {
                            "_children": Array [
                              AnimatedProps {
                                "_callback": [Function],
                                "_props": Object {
                                  "children": <TextInput
                                    autoCapitalize="sentences"
                                    autoComplete="on"
                                    autoCorrect={true}
                                    editable={true}
                                    keyboardType="default"
                                    multiline={false}
                                    numberOfLines={2}
                                    secureTextEntry={false}
                                    style={
                                                              Array [
                                                                                        141,
                                                                                        Object {
                                                                                          "fontSize": 14,
                                                                                        },
                                                                                        undefined,
                                                                                      ]
                                    }
          />,
                                  "style": [Circular],
                                },
                              },
                            ],
                            "_style": Object {
                              "marginLeft": 15,
                              "marginRight": 15,
                              "transform": [Circular],
                            },
                          },
                        ],
                        "_transforms": [Circular],
                      },
                    ],
                    "_interpolation": [Function],
                    "_listeners": Object {},
                    "_parent": AnimatedValue {
                      "_animation": null,
                      "_children": Array [
                        [Circular],
                      ],
                      "_listeners": Object {},
                      "_offset": 0,
                      "_value": 0,
                    },
                  },
                },
              ],
            },
          ]
        }
      >
        <View
          style={
            Object {
              "marginLeft": 15,
              "marginRight": 15,
              "transform": Array [
                Object {
                  "translateX": 0,
                },
              ],
            }
          }
        >
          <div
            className="rn-alignItems-1oszu61 rn-borderTopStyle-1efd50x rn-borderRightStyle-14skgim rn-borderBottomStyle-rull8r rn-borderLeftStyle-mm0ijv rn-borderTopWidth-13yce4e rn-borderRightWidth-fnigne rn-borderBottomWidth-ndvcnb rn-borderLeftWidth-gxnn5r rn-boxSizing-deolkf rn-display-6koalj rn-flexShrink-1pxmb3b rn-flexBasis-7vfszb rn-flexDirection-eqz5dr rn-marginTop-1mnahxq rn-marginBottom-p1pxzi rn-marginLeft-1ozfoo7 rn-marginRight-y3t9qe rn-minHeight-ifefl9 rn-minWidth-bcqeeo rn-paddingTop-wk8lta rn-paddingRight-9aemit rn-paddingBottom-1mdbw0j rn-paddingLeft-gy4na3 rn-position-bnwqim"
            style={
              Object {
                "WebkitTransform": "translateX(0px)",
                "transform": "translateX(0px)",
              }
            }
          >
            <TextInput
              autoCapitalize="sentences"
              autoComplete="on"
              autoCorrect={true}
              editable={true}
              keyboardType="default"
              multiline={false}
              numberOfLines={2}
              secureTextEntry={false}
              style={
                Array [
                  141,
                  Object {
                    "fontSize": 14,
                  },
                  undefined,
                ]
              }
            >
              <input
                autoCapitalize="sentences"
                autoComplete="on"
                autoCorrect="on"
                className="rn-appearance-30o5oe rn-backgroundColor-wib322 rn-borderTopColor-kqr9px rn-borderRightColor-q0dj5p rn-borderBottomColor-1ah7hsa rn-borderLeftColor-137uh4u rn-borderTopLeftRadius-ou6ah9 rn-borderTopRightRadius-t12b5v rn-borderBottomRightRadius-zmljjp rn-borderBottomLeftRadius-pm2fo rn-borderTopWidth-13yce4e rn-borderRightWidth-fnigne rn-borderBottomWidth-ndvcnb rn-borderLeftWidth-gxnn5r rn-boxSizing-deolkf rn-color-zzr6i3 rn-font-1lw9tu2 rn-fontSize-1b43r93 rn-paddingTop-wk8lta rn-paddingRight-9aemit rn-paddingBottom-1mdbw0j rn-paddingLeft-gy4na3 rn-resize-1dz5y72"
                dir="auto"
                onBlur={[Function]}
                onChange={[Function]}
                onFocus={[Function]}
                onKeyDown={[Function]}
                onKeyPress={[Function]}
                onSelect={[Function]}
                readOnly={false}
                type="text"
              />
            </TextInput>
          </div>
        </View>
      </AnimatedComponent>
    </FormInput>
  </div>
</View>
`;

exports[`enzyme.mount FormInput : method:  shake() 1`] = `
<View>
  <div
    className="rn-alignItems-1oszu61 rn-borderTopStyle-1efd50x rn-borderRightStyle-14skgim rn-borderBottomStyle-rull8r rn-borderLeftStyle-mm0ijv rn-borderTopWidth-13yce4e rn-borderRightWidth-fnigne rn-borderBottomWidth-ndvcnb rn-borderLeftWidth-gxnn5r rn-boxSizing-deolkf rn-display-6koalj rn-flexShrink-1pxmb3b rn-flexBasis-7vfszb rn-flexDirection-eqz5dr rn-marginTop-1mnahxq rn-marginRight-61z16t rn-marginBottom-p1pxzi rn-marginLeft-11wrixw rn-minHeight-ifefl9 rn-minWidth-bcqeeo rn-paddingTop-wk8lta rn-paddingRight-9aemit rn-paddingBottom-1mdbw0j rn-paddingLeft-gy4na3 rn-position-bnwqim"
  >
    <TouchableHighlight
      activeOpacity={0.85}
      onPress={[Function]}
      style={
        Object {
          "backgroundColor": "#aaa",
          "marginBottom": 15,
          "padding": 10,
        }
      }
      underlayColor="black"
    >
      <View
        accessible={true}
        onKeyDown={[Function]}
        onKeyUp={[Function]}
        onResponderGrant={[Function]}
        onResponderMove={[Function]}
        onResponderRelease={[Function]}
        onResponderTerminate={[Function]}
        onResponderTerminationRequest={[Function]}
        onStartShouldSetResponder={[Function]}
        style={
          Array [
            62,
            63,
            Array [
              61,
              Object {
                "backgroundColor": "#aaa",
                "marginBottom": 15,
                "padding": 10,
              },
            ],
          ]
        }
      >
        <div
          className="rn-alignItems-1oszu61 rn-borderTopStyle-1efd50x rn-borderRightStyle-14skgim rn-borderBottomStyle-rull8r rn-borderLeftStyle-mm0ijv rn-borderTopWidth-13yce4e rn-borderRightWidth-fnigne rn-borderBottomWidth-ndvcnb rn-borderLeftWidth-gxnn5r rn-boxSizing-deolkf rn-cursor-1loqt21 rn-display-6koalj rn-flexShrink-1pxmb3b rn-flexBasis-7vfszb rn-flexDirection-eqz5dr rn-marginTop-1mnahxq rn-marginRight-61z16t rn-marginLeft-11wrixw rn-marginBottom-ku1wi2 rn-minHeight-ifefl9 rn-minWidth-bcqeeo rn-paddingTop-m611by rn-paddingRight-1qfoi16 rn-paddingBottom-1mi0q7o rn-paddingLeft-1hfyk0a rn-position-bnwqim rn-touchAction-1gvxusu rn-userSelect-lrvibr"
          onKeyDown={[Function]}
          onKeyUp={[Function]}
          onResponderGrant={[Function]}
          onResponderMove={[Function]}
          onResponderRelease={[Function]}
          onResponderTerminate={[Function]}
          onResponderTerminationRequest={[Function]}
          onStartShouldSetResponder={[Function]}
          style={
            Object {
              "backgroundColor": "rgba(170,170,170,1)",
            }
          }
          tabIndex="0"
        >
          <Text>
            <div
              className="rn-borderTopWidth-13yce4e rn-borderRightWidth-fnigne rn-borderBottomWidth-ndvcnb rn-borderLeftWidth-gxnn5r rn-boxSizing-deolkf rn-color-homxoj rn-display-1471scf rn-font-1lw9tu2 rn-fontFamily-10u92zi rn-fontSize-1b43r93 rn-marginTop-1mnahxq rn-marginRight-61z16t rn-marginBottom-p1pxzi rn-marginLeft-11wrixw rn-paddingTop-wk8lta rn-paddingRight-9aemit rn-paddingBottom-1mdbw0j rn-paddingLeft-gy4na3 rn-textDecoration-bauka4 rn-whiteSpace-q42fyq rn-wordWrap-qvutc0"
              dir="auto"
            >
              Execute: shake()
            </div>
          </Text>
        </div>
      </View>
    </TouchableHighlight>
    <FormInput
      normalizeFontSize={true}
    >
      <AnimatedComponent
        style={
          Array [
            140,
            undefined,
            Object {
              "transform": Array [
                Object {
                  "translateX": AnimatedInterpolation {
                    "_children": Array [
                      AnimatedTransform {
                        "_children": Array [
                          AnimatedStyle {
                            "_children": Array [
                              AnimatedProps {
                                "_callback": [Function],
                                "_props": Object {
                                  "children": <TextInput
                                    autoCapitalize="sentences"
                                    autoComplete="on"
                                    autoCorrect={true}
                                    editable={true}
                                    keyboardType="default"
                                    multiline={false}
                                    numberOfLines={2}
                                    secureTextEntry={false}
                                    style={
                                                              Array [
                                                                                        141,
                                                                                        Object {
                                                                                          "fontSize": 14,
                                                                                        },
                                                                                        undefined,
                                                                                      ]
                                    }
          />,
                                  "style": [Circular],
                                },
                              },
                            ],
                            "_style": Object {
                              "marginLeft": 15,
                              "marginRight": 15,
                              "transform": [Circular],
                            },
                          },
                        ],
                        "_transforms": [Circular],
                      },
                    ],
                    "_interpolation": [Function],
                    "_listeners": Object {},
                    "_parent": AnimatedValue {
                      "_animation": null,
                      "_children": Array [
                        [Circular],
                      ],
                      "_listeners": Object {},
                      "_offset": 0,
                      "_value": 0,
                    },
                  },
                },
              ],
            },
          ]
        }
      >
        <View
          style={
            Object {
              "marginLeft": 15,
              "marginRight": 15,
              "transform": Array [
                Object {
                  "translateX": 0,
                },
              ],
            }
          }
        >
          <div
            className="rn-alignItems-1oszu61 rn-borderTopStyle-1efd50x rn-borderRightStyle-14skgim rn-borderBottomStyle-rull8r rn-borderLeftStyle-mm0ijv rn-borderTopWidth-13yce4e rn-borderRightWidth-fnigne rn-borderBottomWidth-ndvcnb rn-borderLeftWidth-gxnn5r rn-boxSizing-deolkf rn-display-6koalj rn-flexShrink-1pxmb3b rn-flexBasis-7vfszb rn-flexDirection-eqz5dr rn-marginTop-1mnahxq rn-marginBottom-p1pxzi rn-marginLeft-1ozfoo7 rn-marginRight-y3t9qe rn-minHeight-ifefl9 rn-minWidth-bcqeeo rn-paddingTop-wk8lta rn-paddingRight-9aemit rn-paddingBottom-1mdbw0j rn-paddingLeft-gy4na3 rn-position-bnwqim"
            style={
              Object {
                "WebkitTransform": "translateX(0px)",
                "transform": "translateX(0px)",
              }
            }
          >
            <TextInput
              autoCapitalize="sentences"
              autoComplete="on"
              autoCorrect={true}
              editable={true}
              keyboardType="default"
              multiline={false}
              numberOfLines={2}
              secureTextEntry={false}
              style={
                Array [
                  141,
                  Object {
                    "fontSize": 14,
                  },
                  undefined,
                ]
              }
            >
              <input
                autoCapitalize="sentences"
                autoComplete="on"
                autoCorrect="on"
                className="rn-appearance-30o5oe rn-backgroundColor-wib322 rn-borderTopColor-kqr9px rn-borderRightColor-q0dj5p rn-borderBottomColor-1ah7hsa rn-borderLeftColor-137uh4u rn-borderTopLeftRadius-ou6ah9 rn-borderTopRightRadius-t12b5v rn-borderBottomRightRadius-zmljjp rn-borderBottomLeftRadius-pm2fo rn-borderTopWidth-13yce4e rn-borderRightWidth-fnigne rn-borderBottomWidth-ndvcnb rn-borderLeftWidth-gxnn5r rn-boxSizing-deolkf rn-color-zzr6i3 rn-font-1lw9tu2 rn-fontSize-1b43r93 rn-paddingTop-wk8lta rn-paddingRight-9aemit rn-paddingBottom-1mdbw0j rn-paddingLeft-gy4na3 rn-resize-1dz5y72"
                dir="auto"
                onBlur={[Function]}
                onChange={[Function]}
                onFocus={[Function]}
                onKeyDown={[Function]}
                onKeyPress={[Function]}
                onSelect={[Function]}
                readOnly={false}
                type="text"
              />
            </TextInput>
          </div>
        </View>
      </AnimatedComponent>
    </FormInput>
  </div>
</View>
`;

exports[`enzyme.mount FormInput : no props 1`] = `
<FormInput
  normalizeFontSize={true}
>
  <AnimatedComponent
    style={
      Array [
        140,
        undefined,
        Object {
          "transform": Array [
            Object {
              "translateX": AnimatedInterpolation {
                "_children": Array [
                  AnimatedTransform {
                    "_children": Array [
                      AnimatedStyle {
                        "_children": Array [
                          AnimatedProps {
                            "_callback": [Function],
                            "_props": Object {
                              "children": <TextInput
                                autoCapitalize="sentences"
                                autoComplete="on"
                                autoCorrect={true}
                                editable={true}
                                keyboardType="default"
                                multiline={false}
                                numberOfLines={2}
                                secureTextEntry={false}
                                style={
                                                          Array [
                                                                                    141,
                                                                                    Object {
                                                                                      "fontSize": 14,
                                                                                    },
                                                                                    undefined,
                                                                                  ]
                                }
      />,
                              "style": [Circular],
                            },
                          },
                        ],
                        "_style": Object {
                          "marginLeft": 15,
                          "marginRight": 15,
                          "transform": [Circular],
                        },
                      },
                    ],
                    "_transforms": [Circular],
                  },
                ],
                "_interpolation": [Function],
                "_listeners": Object {},
                "_parent": AnimatedValue {
                  "_animation": null,
                  "_children": Array [
                    [Circular],
                  ],
                  "_listeners": Object {},
                  "_offset": 0,
                  "_value": 0,
                },
              },
            },
          ],
        },
      ]
    }
  >
    <View
      style={
        Object {
          "marginLeft": 15,
          "marginRight": 15,
          "transform": Array [
            Object {
              "translateX": 0,
            },
          ],
        }
      }
    >
      <div
        className="rn-alignItems-1oszu61 rn-borderTopStyle-1efd50x rn-borderRightStyle-14skgim rn-borderBottomStyle-rull8r rn-borderLeftStyle-mm0ijv rn-borderTopWidth-13yce4e rn-borderRightWidth-fnigne rn-borderBottomWidth-ndvcnb rn-borderLeftWidth-gxnn5r rn-boxSizing-deolkf rn-display-6koalj rn-flexShrink-1pxmb3b rn-flexBasis-7vfszb rn-flexDirection-eqz5dr rn-marginTop-1mnahxq rn-marginBottom-p1pxzi rn-marginLeft-1ozfoo7 rn-marginRight-y3t9qe rn-minHeight-ifefl9 rn-minWidth-bcqeeo rn-paddingTop-wk8lta rn-paddingRight-9aemit rn-paddingBottom-1mdbw0j rn-paddingLeft-gy4na3 rn-position-bnwqim"
        style={
          Object {
            "WebkitTransform": "translateX(0px)",
            "transform": "translateX(0px)",
          }
        }
      >
        <TextInput
          autoCapitalize="sentences"
          autoComplete="on"
          autoCorrect={true}
          editable={true}
          keyboardType="default"
          multiline={false}
          numberOfLines={2}
          secureTextEntry={false}
          style={
            Array [
              141,
              Object {
                "fontSize": 14,
              },
              undefined,
            ]
          }
        >
          <input
            autoCapitalize="sentences"
            autoComplete="on"
            autoCorrect="on"
            className="rn-appearance-30o5oe rn-backgroundColor-wib322 rn-borderTopColor-kqr9px rn-borderRightColor-q0dj5p rn-borderBottomColor-1ah7hsa rn-borderLeftColor-137uh4u rn-borderTopLeftRadius-ou6ah9 rn-borderTopRightRadius-t12b5v rn-borderBottomRightRadius-zmljjp rn-borderBottomLeftRadius-pm2fo rn-borderTopWidth-13yce4e rn-borderRightWidth-fnigne rn-borderBottomWidth-ndvcnb rn-borderLeftWidth-gxnn5r rn-boxSizing-deolkf rn-color-zzr6i3 rn-font-1lw9tu2 rn-fontSize-1b43r93 rn-paddingTop-wk8lta rn-paddingRight-9aemit rn-paddingBottom-1mdbw0j rn-paddingLeft-gy4na3 rn-resize-1dz5y72"
            dir="auto"
            onBlur={[Function]}
            onChange={[Function]}
            onFocus={[Function]}
            onKeyDown={[Function]}
            onKeyPress={[Function]}
            onSelect={[Function]}
            readOnly={false}
            type="text"
          />
        </TextInput>
      </div>
    </View>
  </AnimatedComponent>
</FormInput>
`;

exports[`enzyme.mount FormInput : prop:  containerRef 1`] = `
<FormInput
  containerRef={[Function]}
  normalizeFontSize={true}
>
  <AnimatedComponent
    style={
      Array [
        140,
        undefined,
        Object {
          "transform": Array [
            Object {
              "translateX": AnimatedInterpolation {
                "_children": Array [
                  AnimatedTransform {
                    "_children": Array [
                      AnimatedStyle {
                        "_children": Array [
                          AnimatedProps {
                            "_callback": [Function],
                            "_props": Object {
                              "children": <TextInput
                                autoCapitalize="sentences"
                                autoComplete="on"
                                autoCorrect={true}
                                editable={true}
                                keyboardType="default"
                                multiline={false}
                                numberOfLines={2}
                                secureTextEntry={false}
                                style={
                                                          Array [
                                                                                    141,
                                                                                    Object {
                                                                                      "fontSize": 14,
                                                                                    },
                                                                                    undefined,
                                                                                  ]
                                }
      />,
                              "style": [Circular],
                            },
                          },
                        ],
                        "_style": Object {
                          "marginLeft": 15,
                          "marginRight": 15,
                          "transform": [Circular],
                        },
                      },
                    ],
                    "_transforms": [Circular],
                  },
                ],
                "_interpolation": [Function],
                "_listeners": Object {},
                "_parent": AnimatedValue {
                  "_animation": null,
                  "_children": Array [
                    [Circular],
                  ],
                  "_listeners": Object {},
                  "_offset": 0,
                  "_value": 0,
                },
              },
            },
          ],
        },
      ]
    }
  >
    <View
      style={
        Object {
          "marginLeft": 15,
          "marginRight": 15,
          "transform": Array [
            Object {
              "translateX": 0,
            },
          ],
        }
      }
    >
      <div
        className="rn-alignItems-1oszu61 rn-borderTopStyle-1efd50x rn-borderRightStyle-14skgim rn-borderBottomStyle-rull8r rn-borderLeftStyle-mm0ijv rn-borderTopWidth-13yce4e rn-borderRightWidth-fnigne rn-borderBottomWidth-ndvcnb rn-borderLeftWidth-gxnn5r rn-boxSizing-deolkf rn-display-6koalj rn-flexShrink-1pxmb3b rn-flexBasis-7vfszb rn-flexDirection-eqz5dr rn-marginTop-1mnahxq rn-marginBottom-p1pxzi rn-marginLeft-1ozfoo7 rn-marginRight-y3t9qe rn-minHeight-ifefl9 rn-minWidth-bcqeeo rn-paddingTop-wk8lta rn-paddingRight-9aemit rn-paddingBottom-1mdbw0j rn-paddingLeft-gy4na3 rn-position-bnwqim"
        style={
          Object {
            "WebkitTransform": "translateX(0px)",
            "transform": "translateX(0px)",
          }
        }
      >
        <TextInput
          autoCapitalize="sentences"
          autoComplete="on"
          autoCorrect={true}
          editable={true}
          keyboardType="default"
          multiline={false}
          numberOfLines={2}
          secureTextEntry={false}
          style={
            Array [
              141,
              Object {
                "fontSize": 14,
              },
              undefined,
            ]
          }
        >
          <input
            autoCapitalize="sentences"
            autoComplete="on"
            autoCorrect="on"
            className="rn-appearance-30o5oe rn-backgroundColor-wib322 rn-borderTopColor-kqr9px rn-borderRightColor-q0dj5p rn-borderBottomColor-1ah7hsa rn-borderLeftColor-137uh4u rn-borderTopLeftRadius-ou6ah9 rn-borderTopRightRadius-t12b5v rn-borderBottomRightRadius-zmljjp rn-borderBottomLeftRadius-pm2fo rn-borderTopWidth-13yce4e rn-borderRightWidth-fnigne rn-borderBottomWidth-ndvcnb rn-borderLeftWidth-gxnn5r rn-boxSizing-deolkf rn-color-zzr6i3 rn-font-1lw9tu2 rn-fontSize-1b43r93 rn-paddingTop-wk8lta rn-paddingRight-9aemit rn-paddingBottom-1mdbw0j rn-paddingLeft-gy4na3 rn-resize-1dz5y72"
            dir="auto"
            onBlur={[Function]}
            onChange={[Function]}
            onFocus={[Function]}
            onKeyDown={[Function]}
            onKeyPress={[Function]}
            onSelect={[Function]}
            readOnly={false}
            type="text"
          />
        </TextInput>
      </div>
    </View>
  </AnimatedComponent>
</FormInput>
`;

exports[`enzyme.mount FormInput : prop:  containerStyle 1`] = `
<FormInput
  containerStyle={
    Object {
      "backgroundColor": "#181818",
    }
  }
  normalizeFontSize={true}
>
  <AnimatedComponent
    style={
      Array [
        140,
        Object {
          "backgroundColor": "#181818",
        },
        Object {
          "transform": Array [
            Object {
              "translateX": AnimatedInterpolation {
                "_children": Array [
                  AnimatedTransform {
                    "_children": Array [
                      AnimatedStyle {
                        "_children": Array [
                          AnimatedProps {
                            "_callback": [Function],
                            "_props": Object {
                              "children": <TextInput
                                autoCapitalize="sentences"
                                autoComplete="on"
                                autoCorrect={true}
                                editable={true}
                                keyboardType="default"
                                multiline={false}
                                numberOfLines={2}
                                secureTextEntry={false}
                                style={
                                                          Array [
                                                                                    141,
                                                                                    Object {
                                                                                      "fontSize": 14,
                                                                                    },
                                                                                    undefined,
                                                                                  ]
                                }
      />,
                              "style": [Circular],
                            },
                          },
                        ],
                        "_style": Object {
                          "backgroundColor": "#181818",
                          "marginLeft": 15,
                          "marginRight": 15,
                          "transform": [Circular],
                        },
                      },
                    ],
                    "_transforms": [Circular],
                  },
                ],
                "_interpolation": [Function],
                "_listeners": Object {},
                "_parent": AnimatedValue {
                  "_animation": null,
                  "_children": Array [
                    [Circular],
                  ],
                  "_listeners": Object {},
                  "_offset": 0,
                  "_value": 0,
                },
              },
            },
          ],
        },
      ]
    }
  >
    <View
      style={
        Object {
          "backgroundColor": "#181818",
          "marginLeft": 15,
          "marginRight": 15,
          "transform": Array [
            Object {
              "translateX": 0,
            },
          ],
        }
      }
    >
      <div
        className="rn-alignItems-1oszu61 rn-borderTopStyle-1efd50x rn-borderRightStyle-14skgim rn-borderBottomStyle-rull8r rn-borderLeftStyle-mm0ijv rn-borderTopWidth-13yce4e rn-borderRightWidth-fnigne rn-borderBottomWidth-ndvcnb rn-borderLeftWidth-gxnn5r rn-boxSizing-deolkf rn-display-6koalj rn-flexShrink-1pxmb3b rn-flexBasis-7vfszb rn-flexDirection-eqz5dr rn-marginTop-1mnahxq rn-marginBottom-p1pxzi rn-marginLeft-1ozfoo7 rn-marginRight-y3t9qe rn-minHeight-ifefl9 rn-minWidth-bcqeeo rn-paddingTop-wk8lta rn-paddingRight-9aemit rn-paddingBottom-1mdbw0j rn-paddingLeft-gy4na3 rn-position-bnwqim"
        style={
          Object {
            "WebkitTransform": "translateX(0px)",
            "backgroundColor": "rgba(24,24,24,1)",
            "transform": "translateX(0px)",
          }
        }
      >
        <TextInput
          autoCapitalize="sentences"
          autoComplete="on"
          autoCorrect={true}
          editable={true}
          keyboardType="default"
          multiline={false}
          numberOfLines={2}
          secureTextEntry={false}
          style={
            Array [
              141,
              Object {
                "fontSize": 14,
              },
              undefined,
            ]
          }
        >
          <input
            autoCapitalize="sentences"
            autoComplete="on"
            autoCorrect="on"
            className="rn-appearance-30o5oe rn-backgroundColor-wib322 rn-borderTopColor-kqr9px rn-borderRightColor-q0dj5p rn-borderBottomColor-1ah7hsa rn-borderLeftColor-137uh4u rn-borderTopLeftRadius-ou6ah9 rn-borderTopRightRadius-t12b5v rn-borderBottomRightRadius-zmljjp rn-borderBottomLeftRadius-pm2fo rn-borderTopWidth-13yce4e rn-borderRightWidth-fnigne rn-borderBottomWidth-ndvcnb rn-borderLeftWidth-gxnn5r rn-boxSizing-deolkf rn-color-zzr6i3 rn-font-1lw9tu2 rn-fontSize-1b43r93 rn-paddingTop-wk8lta rn-paddingRight-9aemit rn-paddingBottom-1mdbw0j rn-paddingLeft-gy4na3 rn-resize-1dz5y72"
            dir="auto"
            onBlur={[Function]}
            onChange={[Function]}
            onFocus={[Function]}
            onKeyDown={[Function]}
            onKeyPress={[Function]}
            onSelect={[Function]}
            readOnly={false}
            type="text"
          />
        </TextInput>
      </div>
    </View>
  </AnimatedComponent>
</FormInput>
`;

exports[`enzyme.mount FormInput : prop:  inputStyle 1`] = `
<FormInput
  inputStyle={
    Object {
      "color": "#222",
    }
  }
  normalizeFontSize={true}
>
  <AnimatedComponent
    style={
      Array [
        140,
        undefined,
        Object {
          "transform": Array [
            Object {
              "translateX": AnimatedInterpolation {
                "_children": Array [
                  AnimatedTransform {
                    "_children": Array [
                      AnimatedStyle {
                        "_children": Array [
                          AnimatedProps {
                            "_callback": [Function],
                            "_props": Object {
                              "children": <TextInput
                                autoCapitalize="sentences"
                                autoComplete="on"
                                autoCorrect={true}
                                editable={true}
                                keyboardType="default"
                                multiline={false}
                                numberOfLines={2}
                                secureTextEntry={false}
                                style={
                                                          Array [
                                                                                    141,
                                                                                    Object {
                                                                                      "fontSize": 14,
                                                                                    },
                                                                                    Object {
                                                                                      "color": "#222",
                                                                                    },
                                                                                  ]
                                }
      />,
                              "style": [Circular],
                            },
                          },
                        ],
                        "_style": Object {
                          "marginLeft": 15,
                          "marginRight": 15,
                          "transform": [Circular],
                        },
                      },
                    ],
                    "_transforms": [Circular],
                  },
                ],
                "_interpolation": [Function],
                "_listeners": Object {},
                "_parent": AnimatedValue {
                  "_animation": null,
                  "_children": Array [
                    [Circular],
                  ],
                  "_listeners": Object {},
                  "_offset": 0,
                  "_value": 0,
                },
              },
            },
          ],
        },
      ]
    }
  >
    <View
      style={
        Object {
          "marginLeft": 15,
          "marginRight": 15,
          "transform": Array [
            Object {
              "translateX": 0,
            },
          ],
        }
      }
    >
      <div
        className="rn-alignItems-1oszu61 rn-borderTopStyle-1efd50x rn-borderRightStyle-14skgim rn-borderBottomStyle-rull8r rn-borderLeftStyle-mm0ijv rn-borderTopWidth-13yce4e rn-borderRightWidth-fnigne rn-borderBottomWidth-ndvcnb rn-borderLeftWidth-gxnn5r rn-boxSizing-deolkf rn-display-6koalj rn-flexShrink-1pxmb3b rn-flexBasis-7vfszb rn-flexDirection-eqz5dr rn-marginTop-1mnahxq rn-marginBottom-p1pxzi rn-marginLeft-1ozfoo7 rn-marginRight-y3t9qe rn-minHeight-ifefl9 rn-minWidth-bcqeeo rn-paddingTop-wk8lta rn-paddingRight-9aemit rn-paddingBottom-1mdbw0j rn-paddingLeft-gy4na3 rn-position-bnwqim"
        style={
          Object {
            "WebkitTransform": "translateX(0px)",
            "transform": "translateX(0px)",
          }
        }
      >
        <TextInput
          autoCapitalize="sentences"
          autoComplete="on"
          autoCorrect={true}
          editable={true}
          keyboardType="default"
          multiline={false}
          numberOfLines={2}
          secureTextEntry={false}
          style={
            Array [
              141,
              Object {
                "fontSize": 14,
              },
              Object {
                "color": "#222",
              },
            ]
          }
        >
          <input
            autoCapitalize="sentences"
            autoComplete="on"
            autoCorrect="on"
            className="rn-appearance-30o5oe rn-backgroundColor-wib322 rn-borderTopColor-kqr9px rn-borderRightColor-q0dj5p rn-borderBottomColor-1ah7hsa rn-borderLeftColor-137uh4u rn-borderTopLeftRadius-ou6ah9 rn-borderTopRightRadius-t12b5v rn-borderBottomRightRadius-zmljjp rn-borderBottomLeftRadius-pm2fo rn-borderTopWidth-13yce4e rn-borderRightWidth-fnigne rn-borderBottomWidth-ndvcnb rn-borderLeftWidth-gxnn5r rn-boxSizing-deolkf rn-font-1lw9tu2 rn-fontSize-1b43r93 rn-paddingTop-wk8lta rn-paddingRight-9aemit rn-paddingBottom-1mdbw0j rn-paddingLeft-gy4na3 rn-resize-1dz5y72"
            dir="auto"
            onBlur={[Function]}
            onChange={[Function]}
            onFocus={[Function]}
            onKeyDown={[Function]}
            onKeyPress={[Function]}
            onSelect={[Function]}
            readOnly={false}
            style={
              Object {
                "color": "rgba(34,34,34,1)",
              }
            }
            type="text"
          />
        </TextInput>
      </div>
    </View>
  </AnimatedComponent>
</FormInput>
`;

exports[`enzyme.mount FormInput : prop:  textInputRef 1`] = `
<FormInput
  normalizeFontSize={true}
  textInputRef={[Function]}
>
  <AnimatedComponent
    style={
      Array [
        140,
        undefined,
        Object {
          "transform": Array [
            Object {
              "translateX": AnimatedInterpolation {
                "_children": Array [
                  AnimatedTransform {
                    "_children": Array [
                      AnimatedStyle {
                        "_children": Array [
                          AnimatedProps {
                            "_callback": [Function],
                            "_props": Object {
                              "children": <TextInput
                                autoCapitalize="sentences"
                                autoComplete="on"
                                autoCorrect={true}
                                editable={true}
                                keyboardType="default"
                                multiline={false}
                                numberOfLines={2}
                                secureTextEntry={false}
                                style={
                                                          Array [
                                                                                    141,
                                                                                    Object {
                                                                                      "fontSize": 14,
                                                                                    },
                                                                                    undefined,
                                                                                  ]
                                }
      />,
                              "style": [Circular],
                            },
                          },
                        ],
                        "_style": Object {
                          "marginLeft": 15,
                          "marginRight": 15,
                          "transform": [Circular],
                        },
                      },
                    ],
                    "_transforms": [Circular],
                  },
                ],
                "_interpolation": [Function],
                "_listeners": Object {},
                "_parent": AnimatedValue {
                  "_animation": null,
                  "_children": Array [
                    [Circular],
                  ],
                  "_listeners": Object {},
                  "_offset": 0,
                  "_value": 0,
                },
              },
            },
          ],
        },
      ]
    }
  >
    <View
      style={
        Object {
          "marginLeft": 15,
          "marginRight": 15,
          "transform": Array [
            Object {
              "translateX": 0,
            },
          ],
        }
      }
    >
      <div
        className="rn-alignItems-1oszu61 rn-borderTopStyle-1efd50x rn-borderRightStyle-14skgim rn-borderBottomStyle-rull8r rn-borderLeftStyle-mm0ijv rn-borderTopWidth-13yce4e rn-borderRightWidth-fnigne rn-borderBottomWidth-ndvcnb rn-borderLeftWidth-gxnn5r rn-boxSizing-deolkf rn-display-6koalj rn-flexShrink-1pxmb3b rn-flexBasis-7vfszb rn-flexDirection-eqz5dr rn-marginTop-1mnahxq rn-marginBottom-p1pxzi rn-marginLeft-1ozfoo7 rn-marginRight-y3t9qe rn-minHeight-ifefl9 rn-minWidth-bcqeeo rn-paddingTop-wk8lta rn-paddingRight-9aemit rn-paddingBottom-1mdbw0j rn-paddingLeft-gy4na3 rn-position-bnwqim"
        style={
          Object {
            "WebkitTransform": "translateX(0px)",
            "transform": "translateX(0px)",
          }
        }
      >
        <TextInput
          autoCapitalize="sentences"
          autoComplete="on"
          autoCorrect={true}
          editable={true}
          keyboardType="default"
          multiline={false}
          numberOfLines={2}
          secureTextEntry={false}
          style={
            Array [
              141,
              Object {
                "fontSize": 14,
              },
              undefined,
            ]
          }
        >
          <input
            autoCapitalize="sentences"
            autoComplete="on"
            autoCorrect="on"
            className="rn-appearance-30o5oe rn-backgroundColor-wib322 rn-borderTopColor-kqr9px rn-borderRightColor-q0dj5p rn-borderBottomColor-1ah7hsa rn-borderLeftColor-137uh4u rn-borderTopLeftRadius-ou6ah9 rn-borderTopRightRadius-t12b5v rn-borderBottomRightRadius-zmljjp rn-borderBottomLeftRadius-pm2fo rn-borderTopWidth-13yce4e rn-borderRightWidth-fnigne rn-borderBottomWidth-ndvcnb rn-borderLeftWidth-gxnn5r rn-boxSizing-deolkf rn-color-zzr6i3 rn-font-1lw9tu2 rn-fontSize-1b43r93 rn-paddingTop-wk8lta rn-paddingRight-9aemit rn-paddingBottom-1mdbw0j rn-paddingLeft-gy4na3 rn-resize-1dz5y72"
            dir="auto"
            onBlur={[Function]}
            onChange={[Function]}
            onFocus={[Function]}
            onKeyDown={[Function]}
            onKeyPress={[Function]}
            onSelect={[Function]}
            readOnly={false}
            type="text"
          />
        </TextInput>
      </div>
    </View>
  </AnimatedComponent>
</FormInput>
`;

exports[`enzyme.render FormInput : method:  blur() 1`] = `
<div
  class="rn-alignItems-1oszu61 rn-borderTopStyle-1efd50x rn-borderRightStyle-14skgim rn-borderBottomStyle-rull8r rn-borderLeftStyle-mm0ijv rn-borderTopWidth-13yce4e rn-borderRightWidth-fnigne rn-borderBottomWidth-ndvcnb rn-borderLeftWidth-gxnn5r rn-boxSizing-deolkf rn-display-6koalj rn-flexShrink-1pxmb3b rn-flexBasis-7vfszb rn-flexDirection-eqz5dr rn-marginTop-1mnahxq rn-marginRight-61z16t rn-marginBottom-p1pxzi rn-marginLeft-11wrixw rn-minHeight-ifefl9 rn-minWidth-bcqeeo rn-paddingTop-wk8lta rn-paddingRight-9aemit rn-paddingBottom-1mdbw0j rn-paddingLeft-gy4na3 rn-position-bnwqim"
>
  <div
    class="rn-alignItems-1oszu61 rn-borderTopStyle-1efd50x rn-borderRightStyle-14skgim rn-borderBottomStyle-rull8r rn-borderLeftStyle-mm0ijv rn-borderTopWidth-13yce4e rn-borderRightWidth-fnigne rn-borderBottomWidth-ndvcnb rn-borderLeftWidth-gxnn5r rn-boxSizing-deolkf rn-cursor-1loqt21 rn-display-6koalj rn-flexShrink-1pxmb3b rn-flexBasis-7vfszb rn-flexDirection-eqz5dr rn-marginTop-1mnahxq rn-marginRight-61z16t rn-marginLeft-11wrixw rn-marginBottom-ku1wi2 rn-minHeight-ifefl9 rn-minWidth-bcqeeo rn-paddingTop-m611by rn-paddingRight-1qfoi16 rn-paddingBottom-1mi0q7o rn-paddingLeft-1hfyk0a rn-position-bnwqim rn-touchAction-1gvxusu rn-userSelect-lrvibr"
    style="background-color:rgba(170,170,170,1);"
    tabindex="0"
  >
    <div
      class="rn-borderTopWidth-13yce4e rn-borderRightWidth-fnigne rn-borderBottomWidth-ndvcnb rn-borderLeftWidth-gxnn5r rn-boxSizing-deolkf rn-color-homxoj rn-display-1471scf rn-font-1lw9tu2 rn-fontFamily-10u92zi rn-fontSize-1b43r93 rn-marginTop-1mnahxq rn-marginRight-61z16t rn-marginBottom-p1pxzi rn-marginLeft-11wrixw rn-paddingTop-wk8lta rn-paddingRight-9aemit rn-paddingBottom-1mdbw0j rn-paddingLeft-gy4na3 rn-textDecoration-bauka4 rn-whiteSpace-q42fyq rn-wordWrap-qvutc0"
      dir="auto"
    >
      Start 3 sec countdown for: blur()
    </div>
  </div>
  <div
    class="rn-alignItems-1oszu61 rn-borderTopStyle-1efd50x rn-borderRightStyle-14skgim rn-borderBottomStyle-rull8r rn-borderLeftStyle-mm0ijv rn-borderTopWidth-13yce4e rn-borderRightWidth-fnigne rn-borderBottomWidth-ndvcnb rn-borderLeftWidth-gxnn5r rn-boxSizing-deolkf rn-display-6koalj rn-flexShrink-1pxmb3b rn-flexBasis-7vfszb rn-flexDirection-eqz5dr rn-marginTop-1mnahxq rn-marginBottom-p1pxzi rn-marginLeft-1ozfoo7 rn-marginRight-y3t9qe rn-minHeight-ifefl9 rn-minWidth-bcqeeo rn-paddingTop-wk8lta rn-paddingRight-9aemit rn-paddingBottom-1mdbw0j rn-paddingLeft-gy4na3 rn-position-bnwqim"
    style="transform:translateX(0px);-webkit-transform:translateX(0px);"
  >
    <input
      autocapitalize="sentences"
      autocomplete="on"
      autocorrect="on"
      class="rn-appearance-30o5oe rn-backgroundColor-wib322 rn-borderTopColor-kqr9px rn-borderRightColor-q0dj5p rn-borderBottomColor-1ah7hsa rn-borderLeftColor-137uh4u rn-borderTopLeftRadius-ou6ah9 rn-borderTopRightRadius-t12b5v rn-borderBottomRightRadius-zmljjp rn-borderBottomLeftRadius-pm2fo rn-borderTopWidth-13yce4e rn-borderRightWidth-fnigne rn-borderBottomWidth-ndvcnb rn-borderLeftWidth-gxnn5r rn-boxSizing-deolkf rn-color-zzr6i3 rn-font-1lw9tu2 rn-fontSize-1b43r93 rn-paddingTop-wk8lta rn-paddingRight-9aemit rn-paddingBottom-1mdbw0j rn-paddingLeft-gy4na3 rn-resize-1dz5y72"
      dir="auto"
      type="text"
    />
  </div>
</div>
`;

exports[`enzyme.render FormInput : method:  clearText() 1`] = `
<div
  class="rn-alignItems-1oszu61 rn-borderTopStyle-1efd50x rn-borderRightStyle-14skgim rn-borderBottomStyle-rull8r rn-borderLeftStyle-mm0ijv rn-borderTopWidth-13yce4e rn-borderRightWidth-fnigne rn-borderBottomWidth-ndvcnb rn-borderLeftWidth-gxnn5r rn-boxSizing-deolkf rn-display-6koalj rn-flexShrink-1pxmb3b rn-flexBasis-7vfszb rn-flexDirection-eqz5dr rn-marginTop-1mnahxq rn-marginRight-61z16t rn-marginBottom-p1pxzi rn-marginLeft-11wrixw rn-minHeight-ifefl9 rn-minWidth-bcqeeo rn-paddingTop-wk8lta rn-paddingRight-9aemit rn-paddingBottom-1mdbw0j rn-paddingLeft-gy4na3 rn-position-bnwqim"
>
  <div
    class="rn-alignItems-1oszu61 rn-borderTopStyle-1efd50x rn-borderRightStyle-14skgim rn-borderBottomStyle-rull8r rn-borderLeftStyle-mm0ijv rn-borderTopWidth-13yce4e rn-borderRightWidth-fnigne rn-borderBottomWidth-ndvcnb rn-borderLeftWidth-gxnn5r rn-boxSizing-deolkf rn-cursor-1loqt21 rn-display-6koalj rn-flexShrink-1pxmb3b rn-flexBasis-7vfszb rn-flexDirection-eqz5dr rn-marginTop-1mnahxq rn-marginRight-61z16t rn-marginLeft-11wrixw rn-marginBottom-ku1wi2 rn-minHeight-ifefl9 rn-minWidth-bcqeeo rn-paddingTop-m611by rn-paddingRight-1qfoi16 rn-paddingBottom-1mi0q7o rn-paddingLeft-1hfyk0a rn-position-bnwqim rn-touchAction-1gvxusu rn-userSelect-lrvibr"
    style="background-color:rgba(170,170,170,1);"
    tabindex="0"
  >
    <div
      class="rn-borderTopWidth-13yce4e rn-borderRightWidth-fnigne rn-borderBottomWidth-ndvcnb rn-borderLeftWidth-gxnn5r rn-boxSizing-deolkf rn-color-homxoj rn-display-1471scf rn-font-1lw9tu2 rn-fontFamily-10u92zi rn-fontSize-1b43r93 rn-marginTop-1mnahxq rn-marginRight-61z16t rn-marginBottom-p1pxzi rn-marginLeft-11wrixw rn-paddingTop-wk8lta rn-paddingRight-9aemit rn-paddingBottom-1mdbw0j rn-paddingLeft-gy4na3 rn-textDecoration-bauka4 rn-whiteSpace-q42fyq rn-wordWrap-qvutc0"
      dir="auto"
    >
      Execute: clearText()
    </div>
  </div>
  <div
    class="rn-alignItems-1oszu61 rn-borderTopStyle-1efd50x rn-borderRightStyle-14skgim rn-borderBottomStyle-rull8r rn-borderLeftStyle-mm0ijv rn-borderTopWidth-13yce4e rn-borderRightWidth-fnigne rn-borderBottomWidth-ndvcnb rn-borderLeftWidth-gxnn5r rn-boxSizing-deolkf rn-display-6koalj rn-flexShrink-1pxmb3b rn-flexBasis-7vfszb rn-flexDirection-eqz5dr rn-marginTop-1mnahxq rn-marginBottom-p1pxzi rn-marginLeft-1ozfoo7 rn-marginRight-y3t9qe rn-minHeight-ifefl9 rn-minWidth-bcqeeo rn-paddingTop-wk8lta rn-paddingRight-9aemit rn-paddingBottom-1mdbw0j rn-paddingLeft-gy4na3 rn-position-bnwqim"
    style="transform:translateX(0px);-webkit-transform:translateX(0px);"
  >
    <input
      autocapitalize="sentences"
      autocomplete="on"
      autocorrect="on"
      class="rn-appearance-30o5oe rn-backgroundColor-wib322 rn-borderTopColor-kqr9px rn-borderRightColor-q0dj5p rn-borderBottomColor-1ah7hsa rn-borderLeftColor-137uh4u rn-borderTopLeftRadius-ou6ah9 rn-borderTopRightRadius-t12b5v rn-borderBottomRightRadius-zmljjp rn-borderBottomLeftRadius-pm2fo rn-borderTopWidth-13yce4e rn-borderRightWidth-fnigne rn-borderBottomWidth-ndvcnb rn-borderLeftWidth-gxnn5r rn-boxSizing-deolkf rn-color-zzr6i3 rn-font-1lw9tu2 rn-fontSize-1b43r93 rn-paddingTop-wk8lta rn-paddingRight-9aemit rn-paddingBottom-1mdbw0j rn-paddingLeft-gy4na3 rn-resize-1dz5y72"
      dir="auto"
      type="text"
    />
  </div>
</div>
`;

exports[`enzyme.render FormInput : method:  focus() 1`] = `
<div
  class="rn-alignItems-1oszu61 rn-borderTopStyle-1efd50x rn-borderRightStyle-14skgim rn-borderBottomStyle-rull8r rn-borderLeftStyle-mm0ijv rn-borderTopWidth-13yce4e rn-borderRightWidth-fnigne rn-borderBottomWidth-ndvcnb rn-borderLeftWidth-gxnn5r rn-boxSizing-deolkf rn-display-6koalj rn-flexShrink-1pxmb3b rn-flexBasis-7vfszb rn-flexDirection-eqz5dr rn-marginTop-1mnahxq rn-marginRight-61z16t rn-marginBottom-p1pxzi rn-marginLeft-11wrixw rn-minHeight-ifefl9 rn-minWidth-bcqeeo rn-paddingTop-wk8lta rn-paddingRight-9aemit rn-paddingBottom-1mdbw0j rn-paddingLeft-gy4na3 rn-position-bnwqim"
>
  <div
    class="rn-alignItems-1oszu61 rn-borderTopStyle-1efd50x rn-borderRightStyle-14skgim rn-borderBottomStyle-rull8r rn-borderLeftStyle-mm0ijv rn-borderTopWidth-13yce4e rn-borderRightWidth-fnigne rn-borderBottomWidth-ndvcnb rn-borderLeftWidth-gxnn5r rn-boxSizing-deolkf rn-cursor-1loqt21 rn-display-6koalj rn-flexShrink-1pxmb3b rn-flexBasis-7vfszb rn-flexDirection-eqz5dr rn-marginTop-1mnahxq rn-marginRight-61z16t rn-marginLeft-11wrixw rn-marginBottom-ku1wi2 rn-minHeight-ifefl9 rn-minWidth-bcqeeo rn-paddingTop-m611by rn-paddingRight-1qfoi16 rn-paddingBottom-1mi0q7o rn-paddingLeft-1hfyk0a rn-position-bnwqim rn-touchAction-1gvxusu rn-userSelect-lrvibr"
    style="background-color:rgba(170,170,170,1);"
    tabindex="0"
  >
    <div
      class="rn-borderTopWidth-13yce4e rn-borderRightWidth-fnigne rn-borderBottomWidth-ndvcnb rn-borderLeftWidth-gxnn5r rn-boxSizing-deolkf rn-color-homxoj rn-display-1471scf rn-font-1lw9tu2 rn-fontFamily-10u92zi rn-fontSize-1b43r93 rn-marginTop-1mnahxq rn-marginRight-61z16t rn-marginBottom-p1pxzi rn-marginLeft-11wrixw rn-paddingTop-wk8lta rn-paddingRight-9aemit rn-paddingBottom-1mdbw0j rn-paddingLeft-gy4na3 rn-textDecoration-bauka4 rn-whiteSpace-q42fyq rn-wordWrap-qvutc0"
      dir="auto"
    >
      Start 1 sec countdown for: focus()
    </div>
  </div>
  <div
    class="rn-alignItems-1oszu61 rn-borderTopStyle-1efd50x rn-borderRightStyle-14skgim rn-borderBottomStyle-rull8r rn-borderLeftStyle-mm0ijv rn-borderTopWidth-13yce4e rn-borderRightWidth-fnigne rn-borderBottomWidth-ndvcnb rn-borderLeftWidth-gxnn5r rn-boxSizing-deolkf rn-display-6koalj rn-flexShrink-1pxmb3b rn-flexBasis-7vfszb rn-flexDirection-eqz5dr rn-marginTop-1mnahxq rn-marginBottom-p1pxzi rn-marginLeft-1ozfoo7 rn-marginRight-y3t9qe rn-minHeight-ifefl9 rn-minWidth-bcqeeo rn-paddingTop-wk8lta rn-paddingRight-9aemit rn-paddingBottom-1mdbw0j rn-paddingLeft-gy4na3 rn-position-bnwqim"
    style="transform:translateX(0px);-webkit-transform:translateX(0px);"
  >
    <input
      autocapitalize="sentences"
      autocomplete="on"
      autocorrect="on"
      class="rn-appearance-30o5oe rn-backgroundColor-wib322 rn-borderTopColor-kqr9px rn-borderRightColor-q0dj5p rn-borderBottomColor-1ah7hsa rn-borderLeftColor-137uh4u rn-borderTopLeftRadius-ou6ah9 rn-borderTopRightRadius-t12b5v rn-borderBottomRightRadius-zmljjp rn-borderBottomLeftRadius-pm2fo rn-borderTopWidth-13yce4e rn-borderRightWidth-fnigne rn-borderBottomWidth-ndvcnb rn-borderLeftWidth-gxnn5r rn-boxSizing-deolkf rn-color-zzr6i3 rn-font-1lw9tu2 rn-fontSize-1b43r93 rn-paddingTop-wk8lta rn-paddingRight-9aemit rn-paddingBottom-1mdbw0j rn-paddingLeft-gy4na3 rn-resize-1dz5y72"
      dir="auto"
      type="text"
    />
  </div>
</div>
`;

exports[`enzyme.render FormInput : method:  shake() 1`] = `
<div
  class="rn-alignItems-1oszu61 rn-borderTopStyle-1efd50x rn-borderRightStyle-14skgim rn-borderBottomStyle-rull8r rn-borderLeftStyle-mm0ijv rn-borderTopWidth-13yce4e rn-borderRightWidth-fnigne rn-borderBottomWidth-ndvcnb rn-borderLeftWidth-gxnn5r rn-boxSizing-deolkf rn-display-6koalj rn-flexShrink-1pxmb3b rn-flexBasis-7vfszb rn-flexDirection-eqz5dr rn-marginTop-1mnahxq rn-marginRight-61z16t rn-marginBottom-p1pxzi rn-marginLeft-11wrixw rn-minHeight-ifefl9 rn-minWidth-bcqeeo rn-paddingTop-wk8lta rn-paddingRight-9aemit rn-paddingBottom-1mdbw0j rn-paddingLeft-gy4na3 rn-position-bnwqim"
>
  <div
    class="rn-alignItems-1oszu61 rn-borderTopStyle-1efd50x rn-borderRightStyle-14skgim rn-borderBottomStyle-rull8r rn-borderLeftStyle-mm0ijv rn-borderTopWidth-13yce4e rn-borderRightWidth-fnigne rn-borderBottomWidth-ndvcnb rn-borderLeftWidth-gxnn5r rn-boxSizing-deolkf rn-cursor-1loqt21 rn-display-6koalj rn-flexShrink-1pxmb3b rn-flexBasis-7vfszb rn-flexDirection-eqz5dr rn-marginTop-1mnahxq rn-marginRight-61z16t rn-marginLeft-11wrixw rn-marginBottom-ku1wi2 rn-minHeight-ifefl9 rn-minWidth-bcqeeo rn-paddingTop-m611by rn-paddingRight-1qfoi16 rn-paddingBottom-1mi0q7o rn-paddingLeft-1hfyk0a rn-position-bnwqim rn-touchAction-1gvxusu rn-userSelect-lrvibr"
    style="background-color:rgba(170,170,170,1);"
    tabindex="0"
  >
    <div
      class="rn-borderTopWidth-13yce4e rn-borderRightWidth-fnigne rn-borderBottomWidth-ndvcnb rn-borderLeftWidth-gxnn5r rn-boxSizing-deolkf rn-color-homxoj rn-display-1471scf rn-font-1lw9tu2 rn-fontFamily-10u92zi rn-fontSize-1b43r93 rn-marginTop-1mnahxq rn-marginRight-61z16t rn-marginBottom-p1pxzi rn-marginLeft-11wrixw rn-paddingTop-wk8lta rn-paddingRight-9aemit rn-paddingBottom-1mdbw0j rn-paddingLeft-gy4na3 rn-textDecoration-bauka4 rn-whiteSpace-q42fyq rn-wordWrap-qvutc0"
      dir="auto"
    >
      Execute: shake()
    </div>
  </div>
  <div
    class="rn-alignItems-1oszu61 rn-borderTopStyle-1efd50x rn-borderRightStyle-14skgim rn-borderBottomStyle-rull8r rn-borderLeftStyle-mm0ijv rn-borderTopWidth-13yce4e rn-borderRightWidth-fnigne rn-borderBottomWidth-ndvcnb rn-borderLeftWidth-gxnn5r rn-boxSizing-deolkf rn-display-6koalj rn-flexShrink-1pxmb3b rn-flexBasis-7vfszb rn-flexDirection-eqz5dr rn-marginTop-1mnahxq rn-marginBottom-p1pxzi rn-marginLeft-1ozfoo7 rn-marginRight-y3t9qe rn-minHeight-ifefl9 rn-minWidth-bcqeeo rn-paddingTop-wk8lta rn-paddingRight-9aemit rn-paddingBottom-1mdbw0j rn-paddingLeft-gy4na3 rn-position-bnwqim"
    style="transform:translateX(0px);-webkit-transform:translateX(0px);"
  >
    <input
      autocapitalize="sentences"
      autocomplete="on"
      autocorrect="on"
      class="rn-appearance-30o5oe rn-backgroundColor-wib322 rn-borderTopColor-kqr9px rn-borderRightColor-q0dj5p rn-borderBottomColor-1ah7hsa rn-borderLeftColor-137uh4u rn-borderTopLeftRadius-ou6ah9 rn-borderTopRightRadius-t12b5v rn-borderBottomRightRadius-zmljjp rn-borderBottomLeftRadius-pm2fo rn-borderTopWidth-13yce4e rn-borderRightWidth-fnigne rn-borderBottomWidth-ndvcnb rn-borderLeftWidth-gxnn5r rn-boxSizing-deolkf rn-color-zzr6i3 rn-font-1lw9tu2 rn-fontSize-1b43r93 rn-paddingTop-wk8lta rn-paddingRight-9aemit rn-paddingBottom-1mdbw0j rn-paddingLeft-gy4na3 rn-resize-1dz5y72"
      dir="auto"
      type="text"
    />
  </div>
</div>
`;

exports[`enzyme.render FormInput : no props 1`] = `
<div
  class="rn-alignItems-1oszu61 rn-borderTopStyle-1efd50x rn-borderRightStyle-14skgim rn-borderBottomStyle-rull8r rn-borderLeftStyle-mm0ijv rn-borderTopWidth-13yce4e rn-borderRightWidth-fnigne rn-borderBottomWidth-ndvcnb rn-borderLeftWidth-gxnn5r rn-boxSizing-deolkf rn-display-6koalj rn-flexShrink-1pxmb3b rn-flexBasis-7vfszb rn-flexDirection-eqz5dr rn-marginTop-1mnahxq rn-marginBottom-p1pxzi rn-marginLeft-1ozfoo7 rn-marginRight-y3t9qe rn-minHeight-ifefl9 rn-minWidth-bcqeeo rn-paddingTop-wk8lta rn-paddingRight-9aemit rn-paddingBottom-1mdbw0j rn-paddingLeft-gy4na3 rn-position-bnwqim"
  style="transform:translateX(0px);-webkit-transform:translateX(0px);"
>
  <input
    autocapitalize="sentences"
    autocomplete="on"
    autocorrect="on"
    class="rn-appearance-30o5oe rn-backgroundColor-wib322 rn-borderTopColor-kqr9px rn-borderRightColor-q0dj5p rn-borderBottomColor-1ah7hsa rn-borderLeftColor-137uh4u rn-borderTopLeftRadius-ou6ah9 rn-borderTopRightRadius-t12b5v rn-borderBottomRightRadius-zmljjp rn-borderBottomLeftRadius-pm2fo rn-borderTopWidth-13yce4e rn-borderRightWidth-fnigne rn-borderBottomWidth-ndvcnb rn-borderLeftWidth-gxnn5r rn-boxSizing-deolkf rn-color-zzr6i3 rn-font-1lw9tu2 rn-fontSize-1b43r93 rn-paddingTop-wk8lta rn-paddingRight-9aemit rn-paddingBottom-1mdbw0j rn-paddingLeft-gy4na3 rn-resize-1dz5y72"
    dir="auto"
    type="text"
  />
</div>
`;

exports[`enzyme.render FormInput : prop:  containerRef 1`] = `
<div
  class="rn-alignItems-1oszu61 rn-borderTopStyle-1efd50x rn-borderRightStyle-14skgim rn-borderBottomStyle-rull8r rn-borderLeftStyle-mm0ijv rn-borderTopWidth-13yce4e rn-borderRightWidth-fnigne rn-borderBottomWidth-ndvcnb rn-borderLeftWidth-gxnn5r rn-boxSizing-deolkf rn-display-6koalj rn-flexShrink-1pxmb3b rn-flexBasis-7vfszb rn-flexDirection-eqz5dr rn-marginTop-1mnahxq rn-marginBottom-p1pxzi rn-marginLeft-1ozfoo7 rn-marginRight-y3t9qe rn-minHeight-ifefl9 rn-minWidth-bcqeeo rn-paddingTop-wk8lta rn-paddingRight-9aemit rn-paddingBottom-1mdbw0j rn-paddingLeft-gy4na3 rn-position-bnwqim"
  style="transform:translateX(0px);-webkit-transform:translateX(0px);"
>
  <input
    autocapitalize="sentences"
    autocomplete="on"
    autocorrect="on"
    class="rn-appearance-30o5oe rn-backgroundColor-wib322 rn-borderTopColor-kqr9px rn-borderRightColor-q0dj5p rn-borderBottomColor-1ah7hsa rn-borderLeftColor-137uh4u rn-borderTopLeftRadius-ou6ah9 rn-borderTopRightRadius-t12b5v rn-borderBottomRightRadius-zmljjp rn-borderBottomLeftRadius-pm2fo rn-borderTopWidth-13yce4e rn-borderRightWidth-fnigne rn-borderBottomWidth-ndvcnb rn-borderLeftWidth-gxnn5r rn-boxSizing-deolkf rn-color-zzr6i3 rn-font-1lw9tu2 rn-fontSize-1b43r93 rn-paddingTop-wk8lta rn-paddingRight-9aemit rn-paddingBottom-1mdbw0j rn-paddingLeft-gy4na3 rn-resize-1dz5y72"
    dir="auto"
    type="text"
  />
</div>
`;

exports[`enzyme.render FormInput : prop:  containerStyle 1`] = `
<div
  class="rn-alignItems-1oszu61 rn-borderTopStyle-1efd50x rn-borderRightStyle-14skgim rn-borderBottomStyle-rull8r rn-borderLeftStyle-mm0ijv rn-borderTopWidth-13yce4e rn-borderRightWidth-fnigne rn-borderBottomWidth-ndvcnb rn-borderLeftWidth-gxnn5r rn-boxSizing-deolkf rn-display-6koalj rn-flexShrink-1pxmb3b rn-flexBasis-7vfszb rn-flexDirection-eqz5dr rn-marginTop-1mnahxq rn-marginBottom-p1pxzi rn-marginLeft-1ozfoo7 rn-marginRight-y3t9qe rn-minHeight-ifefl9 rn-minWidth-bcqeeo rn-paddingTop-wk8lta rn-paddingRight-9aemit rn-paddingBottom-1mdbw0j rn-paddingLeft-gy4na3 rn-position-bnwqim"
  style="background-color:rgba(24,24,24,1);transform:translateX(0px);-webkit-transform:translateX(0px);"
>
  <input
    autocapitalize="sentences"
    autocomplete="on"
    autocorrect="on"
    class="rn-appearance-30o5oe rn-backgroundColor-wib322 rn-borderTopColor-kqr9px rn-borderRightColor-q0dj5p rn-borderBottomColor-1ah7hsa rn-borderLeftColor-137uh4u rn-borderTopLeftRadius-ou6ah9 rn-borderTopRightRadius-t12b5v rn-borderBottomRightRadius-zmljjp rn-borderBottomLeftRadius-pm2fo rn-borderTopWidth-13yce4e rn-borderRightWidth-fnigne rn-borderBottomWidth-ndvcnb rn-borderLeftWidth-gxnn5r rn-boxSizing-deolkf rn-color-zzr6i3 rn-font-1lw9tu2 rn-fontSize-1b43r93 rn-paddingTop-wk8lta rn-paddingRight-9aemit rn-paddingBottom-1mdbw0j rn-paddingLeft-gy4na3 rn-resize-1dz5y72"
    dir="auto"
    type="text"
  />
</div>
`;

exports[`enzyme.render FormInput : prop:  inputStyle 1`] = `
<div
  class="rn-alignItems-1oszu61 rn-borderTopStyle-1efd50x rn-borderRightStyle-14skgim rn-borderBottomStyle-rull8r rn-borderLeftStyle-mm0ijv rn-borderTopWidth-13yce4e rn-borderRightWidth-fnigne rn-borderBottomWidth-ndvcnb rn-borderLeftWidth-gxnn5r rn-boxSizing-deolkf rn-display-6koalj rn-flexShrink-1pxmb3b rn-flexBasis-7vfszb rn-flexDirection-eqz5dr rn-marginTop-1mnahxq rn-marginBottom-p1pxzi rn-marginLeft-1ozfoo7 rn-marginRight-y3t9qe rn-minHeight-ifefl9 rn-minWidth-bcqeeo rn-paddingTop-wk8lta rn-paddingRight-9aemit rn-paddingBottom-1mdbw0j rn-paddingLeft-gy4na3 rn-position-bnwqim"
  style="transform:translateX(0px);-webkit-transform:translateX(0px);"
>
  <input
    autocapitalize="sentences"
    autocomplete="on"
    autocorrect="on"
    class="rn-appearance-30o5oe rn-backgroundColor-wib322 rn-borderTopColor-kqr9px rn-borderRightColor-q0dj5p rn-borderBottomColor-1ah7hsa rn-borderLeftColor-137uh4u rn-borderTopLeftRadius-ou6ah9 rn-borderTopRightRadius-t12b5v rn-borderBottomRightRadius-zmljjp rn-borderBottomLeftRadius-pm2fo rn-borderTopWidth-13yce4e rn-borderRightWidth-fnigne rn-borderBottomWidth-ndvcnb rn-borderLeftWidth-gxnn5r rn-boxSizing-deolkf rn-font-1lw9tu2 rn-fontSize-1b43r93 rn-paddingTop-wk8lta rn-paddingRight-9aemit rn-paddingBottom-1mdbw0j rn-paddingLeft-gy4na3 rn-resize-1dz5y72"
    dir="auto"
    style="color:rgba(34,34,34,1);"
    type="text"
  />
</div>
`;

exports[`enzyme.render FormInput : prop:  textInputRef 1`] = `
<div
  class="rn-alignItems-1oszu61 rn-borderTopStyle-1efd50x rn-borderRightStyle-14skgim rn-borderBottomStyle-rull8r rn-borderLeftStyle-mm0ijv rn-borderTopWidth-13yce4e rn-borderRightWidth-fnigne rn-borderBottomWidth-ndvcnb rn-borderLeftWidth-gxnn5r rn-boxSizing-deolkf rn-display-6koalj rn-flexShrink-1pxmb3b rn-flexBasis-7vfszb rn-flexDirection-eqz5dr rn-marginTop-1mnahxq rn-marginBottom-p1pxzi rn-marginLeft-1ozfoo7 rn-marginRight-y3t9qe rn-minHeight-ifefl9 rn-minWidth-bcqeeo rn-paddingTop-wk8lta rn-paddingRight-9aemit rn-paddingBottom-1mdbw0j rn-paddingLeft-gy4na3 rn-position-bnwqim"
  style="transform:translateX(0px);-webkit-transform:translateX(0px);"
>
  <input
    autocapitalize="sentences"
    autocomplete="on"
    autocorrect="on"
    class="rn-appearance-30o5oe rn-backgroundColor-wib322 rn-borderTopColor-kqr9px rn-borderRightColor-q0dj5p rn-borderBottomColor-1ah7hsa rn-borderLeftColor-137uh4u rn-borderTopLeftRadius-ou6ah9 rn-borderTopRightRadius-t12b5v rn-borderBottomRightRadius-zmljjp rn-borderBottomLeftRadius-pm2fo rn-borderTopWidth-13yce4e rn-borderRightWidth-fnigne rn-borderBottomWidth-ndvcnb rn-borderLeftWidth-gxnn5r rn-boxSizing-deolkf rn-color-zzr6i3 rn-font-1lw9tu2 rn-fontSize-1b43r93 rn-paddingTop-wk8lta rn-paddingRight-9aemit rn-paddingBottom-1mdbw0j rn-paddingLeft-gy4na3 rn-resize-1dz5y72"
    dir="auto"
    type="text"
  />
</div>
`;

exports[`enzyme.shallow FormInput : method:  blur() 1`] = `
<div
  className="rn-alignItems-1oszu61 rn-borderTopStyle-1efd50x rn-borderRightStyle-14skgim rn-borderBottomStyle-rull8r rn-borderLeftStyle-mm0ijv rn-borderTopWidth-13yce4e rn-borderRightWidth-fnigne rn-borderBottomWidth-ndvcnb rn-borderLeftWidth-gxnn5r rn-boxSizing-deolkf rn-display-6koalj rn-flexShrink-1pxmb3b rn-flexBasis-7vfszb rn-flexDirection-eqz5dr rn-marginTop-1mnahxq rn-marginRight-61z16t rn-marginBottom-p1pxzi rn-marginLeft-11wrixw rn-minHeight-ifefl9 rn-minWidth-bcqeeo rn-paddingTop-wk8lta rn-paddingRight-9aemit rn-paddingBottom-1mdbw0j rn-paddingLeft-gy4na3 rn-position-bnwqim"
>
  <TouchableHighlight
    activeOpacity={0.85}
    onPress={[Function]}
    style={
      Object {
        "backgroundColor": "#aaa",
        "marginBottom": 15,
        "padding": 10,
      }
    }
    underlayColor="black"
  >
    <Text>
      Start 3 sec countdown for: blur()
    </Text>
  </TouchableHighlight>
  <FormInput
    normalizeFontSize={true}
  />
</div>
`;

exports[`enzyme.shallow FormInput : method:  clearText() 1`] = `
<div
  className="rn-alignItems-1oszu61 rn-borderTopStyle-1efd50x rn-borderRightStyle-14skgim rn-borderBottomStyle-rull8r rn-borderLeftStyle-mm0ijv rn-borderTopWidth-13yce4e rn-borderRightWidth-fnigne rn-borderBottomWidth-ndvcnb rn-borderLeftWidth-gxnn5r rn-boxSizing-deolkf rn-display-6koalj rn-flexShrink-1pxmb3b rn-flexBasis-7vfszb rn-flexDirection-eqz5dr rn-marginTop-1mnahxq rn-marginRight-61z16t rn-marginBottom-p1pxzi rn-marginLeft-11wrixw rn-minHeight-ifefl9 rn-minWidth-bcqeeo rn-paddingTop-wk8lta rn-paddingRight-9aemit rn-paddingBottom-1mdbw0j rn-paddingLeft-gy4na3 rn-position-bnwqim"
>
  <TouchableHighlight
    activeOpacity={0.85}
    onPress={[Function]}
    style={
      Object {
        "backgroundColor": "#aaa",
        "marginBottom": 15,
        "padding": 10,
      }
    }
    underlayColor="black"
  >
    <Text>
      Execute: clearText()
    </Text>
  </TouchableHighlight>
  <FormInput
    normalizeFontSize={true}
  />
</div>
`;

exports[`enzyme.shallow FormInput : method:  focus() 1`] = `
<div
  className="rn-alignItems-1oszu61 rn-borderTopStyle-1efd50x rn-borderRightStyle-14skgim rn-borderBottomStyle-rull8r rn-borderLeftStyle-mm0ijv rn-borderTopWidth-13yce4e rn-borderRightWidth-fnigne rn-borderBottomWidth-ndvcnb rn-borderLeftWidth-gxnn5r rn-boxSizing-deolkf rn-display-6koalj rn-flexShrink-1pxmb3b rn-flexBasis-7vfszb rn-flexDirection-eqz5dr rn-marginTop-1mnahxq rn-marginRight-61z16t rn-marginBottom-p1pxzi rn-marginLeft-11wrixw rn-minHeight-ifefl9 rn-minWidth-bcqeeo rn-paddingTop-wk8lta rn-paddingRight-9aemit rn-paddingBottom-1mdbw0j rn-paddingLeft-gy4na3 rn-position-bnwqim"
>
  <TouchableHighlight
    activeOpacity={0.85}
    onPress={[Function]}
    style={
      Object {
        "backgroundColor": "#aaa",
        "marginBottom": 15,
        "padding": 10,
      }
    }
    underlayColor="black"
  >
    <Text>
      Start 1 sec countdown for: focus()
    </Text>
  </TouchableHighlight>
  <FormInput
    normalizeFontSize={true}
  />
</div>
`;

exports[`enzyme.shallow FormInput : method:  shake() 1`] = `
<div
  className="rn-alignItems-1oszu61 rn-borderTopStyle-1efd50x rn-borderRightStyle-14skgim rn-borderBottomStyle-rull8r rn-borderLeftStyle-mm0ijv rn-borderTopWidth-13yce4e rn-borderRightWidth-fnigne rn-borderBottomWidth-ndvcnb rn-borderLeftWidth-gxnn5r rn-boxSizing-deolkf rn-display-6koalj rn-flexShrink-1pxmb3b rn-flexBasis-7vfszb rn-flexDirection-eqz5dr rn-marginTop-1mnahxq rn-marginRight-61z16t rn-marginBottom-p1pxzi rn-marginLeft-11wrixw rn-minHeight-ifefl9 rn-minWidth-bcqeeo rn-paddingTop-wk8lta rn-paddingRight-9aemit rn-paddingBottom-1mdbw0j rn-paddingLeft-gy4na3 rn-position-bnwqim"
>
  <TouchableHighlight
    activeOpacity={0.85}
    onPress={[Function]}
    style={
      Object {
        "backgroundColor": "#aaa",
        "marginBottom": 15,
        "padding": 10,
      }
    }
    underlayColor="black"
  >
    <Text>
      Execute: shake()
    </Text>
  </TouchableHighlight>
  <FormInput
    normalizeFontSize={true}
  />
</div>
`;

exports[`enzyme.shallow FormInput : no props 1`] = `
<AnimatedComponent
  style={
    Array [
      140,
      undefined,
      Object {
        "transform": Array [
          Object {
            "translateX": AnimatedInterpolation {
              "_children": Array [],
              "_interpolation": [Function],
              "_listeners": Object {},
              "_parent": AnimatedValue {
                "_animation": null,
                "_children": Array [],
                "_listeners": Object {},
                "_offset": 0,
                "_value": 0,
              },
            },
          },
        ],
      },
    ]
  }
>
  <TextInput
    autoCapitalize="sentences"
    autoComplete="on"
    autoCorrect={true}
    editable={true}
    keyboardType="default"
    multiline={false}
    numberOfLines={2}
    secureTextEntry={false}
    style={
      Array [
        141,
        Object {
          "fontSize": 14,
        },
        undefined,
      ]
    }
  />
</AnimatedComponent>
`;

exports[`enzyme.shallow FormInput : prop:  containerRef 1`] = `
<AnimatedComponent
  style={
    Array [
      140,
      undefined,
      Object {
        "transform": Array [
          Object {
            "translateX": AnimatedInterpolation {
              "_children": Array [],
              "_interpolation": [Function],
              "_listeners": Object {},
              "_parent": AnimatedValue {
                "_animation": null,
                "_children": Array [],
                "_listeners": Object {},
                "_offset": 0,
                "_value": 0,
              },
            },
          },
        ],
      },
    ]
  }
>
  <TextInput
    autoCapitalize="sentences"
    autoComplete="on"
    autoCorrect={true}
    editable={true}
    keyboardType="default"
    multiline={false}
    numberOfLines={2}
    secureTextEntry={false}
    style={
      Array [
        141,
        Object {
          "fontSize": 14,
        },
        undefined,
      ]
    }
  />
</AnimatedComponent>
`;

exports[`enzyme.shallow FormInput : prop:  containerStyle 1`] = `
<AnimatedComponent
  style={
    Array [
      140,
      Object {
        "backgroundColor": "#181818",
      },
      Object {
        "transform": Array [
          Object {
            "translateX": AnimatedInterpolation {
              "_children": Array [],
              "_interpolation": [Function],
              "_listeners": Object {},
              "_parent": AnimatedValue {
                "_animation": null,
                "_children": Array [],
                "_listeners": Object {},
                "_offset": 0,
                "_value": 0,
              },
            },
          },
        ],
      },
    ]
  }
>
  <TextInput
    autoCapitalize="sentences"
    autoComplete="on"
    autoCorrect={true}
    editable={true}
    keyboardType="default"
    multiline={false}
    numberOfLines={2}
    secureTextEntry={false}
    style={
      Array [
        141,
        Object {
          "fontSize": 14,
        },
        undefined,
      ]
    }
  />
</AnimatedComponent>
`;

exports[`enzyme.shallow FormInput : prop:  inputStyle 1`] = `
<AnimatedComponent
  style={
    Array [
      140,
      undefined,
      Object {
        "transform": Array [
          Object {
            "translateX": AnimatedInterpolation {
              "_children": Array [],
              "_interpolation": [Function],
              "_listeners": Object {},
              "_parent": AnimatedValue {
                "_animation": null,
                "_children": Array [],
                "_listeners": Object {},
                "_offset": 0,
                "_value": 0,
              },
            },
          },
        ],
      },
    ]
  }
>
  <TextInput
    autoCapitalize="sentences"
    autoComplete="on"
    autoCorrect={true}
    editable={true}
    keyboardType="default"
    multiline={false}
    numberOfLines={2}
    secureTextEntry={false}
    style={
      Array [
        141,
        Object {
          "fontSize": 14,
        },
        Object {
          "color": "#222",
        },
      ]
    }
  />
</AnimatedComponent>
`;

exports[`enzyme.shallow FormInput : prop:  textInputRef 1`] = `
<AnimatedComponent
  style={
    Array [
      140,
      undefined,
      Object {
        "transform": Array [
          Object {
            "translateX": AnimatedInterpolation {
              "_children": Array [],
              "_interpolation": [Function],
              "_listeners": Object {},
              "_parent": AnimatedValue {
                "_animation": null,
                "_children": Array [],
                "_listeners": Object {},
                "_offset": 0,
                "_value": 0,
              },
            },
          },
        ],
      },
    ]
  }
>
  <TextInput
    autoCapitalize="sentences"
    autoComplete="on"
    autoCorrect={true}
    editable={true}
    keyboardType="default"
    multiline={false}
    numberOfLines={2}
    secureTextEntry={false}
    style={
      Array [
        141,
        Object {
          "fontSize": 14,
        },
        undefined,
      ]
    }
  />
</AnimatedComponent>
`;
